// Jest Snapshot v1, https://goo.gl/fbAQLP

exports[`it matches snapshot 1`] = `
<DocumentFragment>
  <div
    class="Box"
    style="background-color: green; height: 50px; width: 50px;"
  >
    <button>
      x
    </button>
  </div>
</DocumentFragment>
`;
