// Jest Snapshot v1, https://goo.gl/fbAQLP

exports[`it matches snapshot 1`] = `
<DocumentFragment>
  <div
    class="Todo"
  >
     
    <button>
      x
    </button>
  </div>
</DocumentFragment>
`;
